Time resolution is 1 ps
@time    0ns:in_1=0 in_2=0 sum=0 count=0
@time   10ns:in_1=0 in_2=1 sum=1 count=0
@time   20ns:in_1=1 in_2=1 sum=0 count=1
@time   40ns:in_1=1 in_2=0 sum=1 count=0
@time   50ns:in_1=1 in_2=1 sum=0 count=1
@time   60ns:in_1=0 in_2=1 sum=1 count=0
@time   70ns:in_1=1 in_2=0 sum=1 count=0
@time  100ns:in_1=1 in_2=1 sum=0 count=1
@time  110ns:in_1=0 in_2=1 sum=1 count=0
@time  120ns:in_1=0 in_2=0 sum=0 count=0
@time  130ns:in_1=0 in_2=1 sum=1 count=0
@time  150ns:in_1=1 in_2=1 sum=0 count=1
@time  160ns:in_1=1 in_2=0 sum=1 count=0
@time  170ns:in_1=0 in_2=0 sum=0 count=0
@time  180ns:in_1=0 in_2=1 sum=1 count=0
@time  200ns:in_1=1 in_2=1 sum=0 count=1
@time  220ns:in_1=0 in_2=0 sum=0 count=0
@time  230ns:in_1=1 in_2=1 sum=0 count=1
@time  240ns:in_1=1 in_2=0 sum=1 count=0
@time  250ns:in_1=0 in_2=0 sum=0 count=0
@time  270ns:in_1=1 in_2=0 sum=1 count=0
@time  280ns:in_1=0 in_2=1 sum=1 count=0
@time  290ns:in_1=1 in_2=0 sum=1 count=0
@time  300ns:in_1=0 in_2=0 sum=0 count=0
@time  320ns:in_1=1 in_2=1 sum=0 count=1
@time  340ns:in_1=1 in_2=0 sum=1 count=0
@time  350ns:in_1=0 in_2=1 sum=1 count=0
@time  360ns:in_1=1 in_2=1 sum=0 count=1
@time  370ns:in_1=0 in_2=0 sum=0 count=0
@time  380ns:in_1=1 in_2=1 sum=0 count=1
@time  390ns:in_1=0 in_2=1 sum=1 count=0
@time  400ns:in_1=1 in_2=0 sum=1 count=0
@time  410ns:in_1=1 in_2=1 sum=0 count=1
@time  420ns:in_1=1 in_2=0 sum=1 count=0
@time  430ns:in_1=1 in_2=1 sum=0 count=1
@time  440ns:in_1=0 in_2=0 sum=0 count=0
@time  460ns:in_1=1 in_2=1 sum=0 count=1
@time  470ns:in_1=0 in_2=0 sum=0 count=0
@time  480ns:in_1=1 in_2=1 sum=0 count=1
@time  500ns:in_1=1 in_2=0 sum=1 count=0
@time  510ns:in_1=1 in_2=1 sum=0 count=1
@time  520ns:in_1=1 in_2=0 sum=1 count=0
@time  530ns:in_1=0 in_2=0 sum=0 count=0
@time  560ns:in_1=1 in_2=1 sum=0 count=1
@time  580ns:in_1=1 in_2=0 sum=1 count=0
@time  590ns:in_1=1 in_2=1 sum=0 count=1
@time  600ns:in_1=0 in_2=0 sum=0 count=0
@time  610ns:in_1=1 in_2=1 sum=0 count=1
@time  620ns:in_1=0 in_2=1 sum=1 count=0
@time  630ns:in_1=1 in_2=1 sum=0 count=1
@time  640ns:in_1=1 in_2=0 sum=1 count=0
@time  650ns:in_1=0 in_2=0 sum=0 count=0
@time  660ns:in_1=1 in_2=0 sum=1 count=0
@time  670ns:in_1=0 in_2=0 sum=0 count=0
@time  680ns:in_1=1 in_2=1 sum=0 count=1
@time  690ns:in_1=0 in_2=0 sum=0 count=0
@time  700ns:in_1=1 in_2=0 sum=1 count=0
@time  710ns:in_1=0 in_2=0 sum=0 count=0
@time  720ns:in_1=1 in_2=0 sum=1 count=0
@time  730ns:in_1=0 in_2=1 sum=1 count=0
@time  750ns:in_1=1 in_2=1 sum=0 count=1
@time  770ns:in_1=0 in_2=0 sum=0 count=0
@time  780ns:in_1=0 in_2=1 sum=1 count=0
@time  790ns:in_1=0 in_2=0 sum=0 count=0
@time  800ns:in_1=1 in_2=1 sum=0 count=1
@time  810ns:in_1=0 in_2=0 sum=0 count=0
@time  820ns:in_1=0 in_2=1 sum=1 count=0
@time  830ns:in_1=1 in_2=0 sum=1 count=0
@time  840ns:in_1=0 in_2=0 sum=0 count=0
@time  850ns:in_1=1 in_2=1 sum=0 count=1
@time  860ns:in_1=0 in_2=0 sum=0 count=0
@time  870ns:in_1=0 in_2=1 sum=1 count=0
@time  880ns:in_1=0 in_2=0 sum=0 count=0
@time  890ns:in_1=1 in_2=0 sum=1 count=0
@time  900ns:in_1=0 in_2=0 sum=0 count=0
@time  910ns:in_1=1 in_2=0 sum=1 count=0
@time  920ns:in_1=1 in_2=1 sum=0 count=1
@time  930ns:in_1=0 in_2=0 sum=0 count=0
@time  950ns:in_1=1 in_2=0 sum=1 count=0
@time  960ns:in_1=0 in_2=0 sum=0 count=0
@time  970ns:in_1=0 in_2=1 sum=1 count=0
@time  980ns:in_1=1 in_2=1 sum=0 count=1
@time  990ns:in_1=0 in_2=1 sum=1 count=0
@time 1000ns:in_1=1 in_2=1 sum=0 count=1
